Archive member included to satisfy reference by file (symbol)

./lib\libc.a(lib_a-memcpy-stub.o)
                              lib\rt.o (memcpy)
./lib\libc.a(lib_a-memset.o)  gameplg.o (memset)
./lib\libc.a(lib_a-strcpy.o)  gameplg.o (strcpy)
./lib\libc.a(lib_a-strlen.o)  gameplg.o (strlen)

Allocating common symbols
Common symbol       size              file

gamePluginMenu      0xc7c             gameplg.o
IoBaseLcd           0x4               lib\main.o
fsUserHandle        0x4               gameplg.o
cheatEnabled        0x40              gameplg.o
threadStack         0x4000            gameplg.o

Memory Configuration

Name             Origin             Length             Attributes
*default*        0x00000000         0xffffffff

Linker script and memory map

                0x00100100                . = 0x100100
                0x00100100                . = ALIGN (0x4)

.text           0x00100100     0x29b4
                0x00100100                __text_start = .
 bootloader.o(.text*)
 .text          0x00100100       0xb0 bootloader.o
                0x00100100                _Reset
                0x0010017c                _ReturnToUser
                0x00100190                plgGetIoBase
                0x00100198                copyRemoteMemory
 *(.text*)
 .text          0x001001b0      0x498 gameplg.o
                0x001001b0                getKey
                0x001001d0                waitKeyUp
                0x00100200                initMenu
                0x00100218                addMenuEntry
                0x00100278                updateMenu
                0x001002f0                scanMenu
                0x00100330                detectLanguage
                0x00100338                addCheatMenuEntry
                0x00100364                onCheatItemChanged
                0x00100368                LightningDelimiter
                0x00100504                updateCheatEnableDisplay
                0x00100538                scanCheatMenu
                0x00100568                initCheatMenu
                0x00100590                gamePluginEntry
 .text          0x00100648      0x144 lib\AC.o
                0x00100648                ACU_cmd1
                0x00100698                ACU_cmd26
                0x001006f8                ACU_GetWifiStatus
                0x00100730                ACU_WaitInternetConnection
 .text          0x0010078c       0x30 lib\entry.o
                0x0010078c                c_entry
                0x001007b8                IRQHandler
 .text          0x001007bc      0x50c lib\FS.o
                0x001007bc                FSUSER_Initialize
                0x001007f0                FSUSER_OpenFile
                0x00100890                FSUSER_OpenFileDirectly
                0x00100950                FSUSER_OpenArchive
                0x001009d4                FSUSER_OpenDirectory
                0x00100a60                FSUSER_CloseArchive
                0x00100ab0                FSFILE_Close
                0x00100ae0                FSFILE_Read
                0x00100b48                FSFILE_Write
                0x00100bb8                FSFILE_GetSize
                0x00100bfc                FSFILE_SetSize
                0x00100c34                FSDIR_Read
                0x00100c98                FSDIR_Close
 .text          0x00100cc8        0x0 lib\main.o
 .text.startup  0x00100cc8       0x3c lib\main.o
                0x00100cc8                main
 *fill*         0x00100d04        0xc 
 .text          0x00100d10       0x10 lib\misc.o
                0x00100d10                sleep
 .text          0x00100d20       0x3c lib\OS.o
                0x00100d20                OS_ConvertVaddr2Physaddr
 .text          0x00100d5c       0xd4 lib\pm.o
                0x00100d5c                dumpKernel
                0x00100d60                getCurrentProcessId
                0x00100d84                getCurrentProcessHandle
                0x00100dec                protectRemoteMemory
                0x00100e10                protectMemory
 .text          0x00100e30      0x54c lib\rt.o
                0x00100e30                rtInitLock
                0x00100e3c                rtAcquireLock
                0x00100e70                rtReleaseLock
                0x00100e7c                rtAlignToPageSize
                0x00100e8c                rtGetPageOfAddress
                0x00100e98                rtCheckRemoteMemoryRegionSafeForWrite
                0x00100ee8                rtSafeCopyMemory
                0x00100f40                rtRecvSocket
                0x00100fa0                rtSendSocket
                0x00100ffc                rtIntToPortNumber
                0x00101018                rtGetFileSize
                0x00101104                rtLoadFileToBuffer
                0x0010124c                rtGenerateJumpCode
                0x00101264                rtFlushInstructionCache
                0x0010127c                rtInitHook
                0x001012f4                rtEnableHook
                0x00101338                rtDisableHook
 .text          0x0010137c      0x10c lib\sharedfunc.o
                0x0010137c                initSharedFunc
 .text          0x00101488      0xef8 lib\SOC.o
                0x001014c4                socu_cmd1
                0x00101514                SOC_Shutdown
                0x00101550                SOC_Initialize
                0x001015b8                SOC_GetErrno
                0x001015c8                socket
                0x00101630                closesocket
                0x00101690                shutdown
                0x001016f4                listen
                0x00101758                accept
                0x00101854                bind
                0x00101924                connect
                0x001019f4                socuipc_cmd7
                0x00101b10                socuipc_cmd8
                0x00101c50                socuipc_cmd9
                0x00101d60                socuipc_cmda
                0x00101e74                recvfrom
                0x00101ea0                sendto
                0x00101ecc                recv
                0x00101ee8                send
                0x00101f04                getsockopt
                0x00101fb4                setsockopt
                0x0010203c                fcntl
                0x00102104                sockatmark
                0x00102164                gethostid
                0x001021a0                getsockname
                0x00102290                getpeername
 .text          0x00102380      0x118 lib\srv.o
                0x00102380                exitSrv
                0x00102398                srv_RegisterClient
                0x001023d8                initSrv
                0x0010240c                srv_getServiceHandle
 .text          0x00102498       0x40 lib\stub.o
                0x00102498                showDbg
                0x001024a0                nsDbgPrint
                0x001024a8                plgRegisterMenuEntry
                0x001024b0                plgGetSharedServiceHandle
                0x001024b8                plgRequestMemory
                0x001024c0                plgRegisterCallback
                0x001024c8                xsprintf
                0x001024d0                controlVideo
 *fill*         0x001024d8        0x8 
 .text          0x001024e0      0x2a0 lib\svc.o
                0x001024e0                getThreadCommandBuffer
                0x001024ec                svc_controlMemory
                0x0010250c                svc_exitProcess
                0x00102514                svc_createThread
                0x00102534                svc_exitThread
                0x0010253c                svc_sleepThread
                0x00102544                svc_createMutex
                0x00102558                svc_releaseMutex
                0x00102560                svc_releaseSemaphore
                0x00102574                svc_createEvent
                0x00102588                svc_signalEvent
                0x00102590                svc_clearEvent
                0x00102598                svc_createMemoryBlock
                0x001025b0                svc_mapMemoryBlock
                0x001025b8                svc_unmapMemoryBlock
                0x001025c0                svc_arbitrateAddress
                0x001025c8                svc_closeHandle
                0x001025d0                svc_waitSynchronization1
                0x001025d8                svc_waitSynchronizationN
                0x001025f8                svc_getSystemTick
                0x00102600                svc_getSystemInfo
                0x0010261c                svc_getProcessInfo
                0x00102638                svc_connectToPort
                0x0010264c                svc_sendSyncRequest
                0x00102654                svc_getProcessId
                0x00102668                svc_getThreadId
                0x0010267c                svc_setThreadIdealProcessor
                0x00102684                svc_openThread
                0x00102698                svc_flushProcessDataCache
                0x001026a0                svc_invalidateProcessDataCache
                0x001026a8                svc_queryMemory
                0x001026b0                svc_addCodeSegment
                0x001026b8                svc_openProcess
                0x001026cc                svc_controlProcessMemory
                0x001026e4                svc_mapProcessMemory
                0x001026ec                svc_startInterProcessDma
                0x0010270c                svc_getDmaState
                0x00102720                svc_backDoor
                0x00102728                svc_getProcessList
                0x0010273c                svc_getThreadList
                0x00102750                svc_getThreadContext
                0x00102758                svc_debugActiveProcess
                0x0010276c                svc_readProcessMemory
                0x00102774                svc_writeProcessMemory
 .text          0x00102780       0xf0 ./lib\libc.a(lib_a-memcpy-stub.o)
                0x00102780                memcpy
 .text          0x00102870       0xf4 ./lib\libc.a(lib_a-memset.o)
                0x00102870                memset
 .text          0x00102964       0xf0 ./lib\libc.a(lib_a-strcpy.o)
                0x00102964                strcpy
 .text          0x00102a54       0x60 ./lib\libc.a(lib_a-strlen.o)
                0x00102a54                strlen

.glue_7         0x00102ab4        0x0
 .glue_7        0x00102ab4        0x0 linker stubs

.glue_7t        0x00102ab4        0x0
 .glue_7t       0x00102ab4        0x0 linker stubs

.vfp11_veneer   0x00102ab4        0x0
 .vfp11_veneer  0x00102ab4        0x0 linker stubs

.v4_bx          0x00102ab4        0x0
 .v4_bx         0x00102ab4        0x0 linker stubs

.plt            0x00102ab4        0x0
 .plt           0x00102ab4        0x0 bootloader.o

.iplt           0x00102ab4        0x0
 .iplt          0x00102ab4        0x0 bootloader.o
                0x00102ab4                . = ALIGN (0x4)

.data           0x00102ab4       0x20
 *(.data)
 .data          0x00102ab4        0x0 bootloader.o
 .data          0x00102ab4        0x4 gameplg.o
                0x00102ab4                IoBasePad
 .data          0x00102ab8        0x0 lib\AC.o
 .data          0x00102ab8        0x0 lib\entry.o
 .data          0x00102ab8        0x0 lib\FS.o
 .data          0x00102ab8       0x1c lib\main.o
                0x00102ab8                socuRet
                0x00102abc                sdmcArchive
 .data          0x00102ad4        0x0 lib\misc.o
 .data          0x00102ad4        0x0 lib\OS.o
 .data          0x00102ad4        0x0 lib\pm.o
 .data          0x00102ad4        0x0 lib\rt.o
 .data          0x00102ad4        0x0 lib\sharedfunc.o
 .data          0x00102ad4        0x0 lib\SOC.o
 .data          0x00102ad4        0x0 lib\srv.o
 .data          0x00102ad4        0x0 lib\stub.o
 .data          0x00102ad4        0x0 lib\svc.o
 .data          0x00102ad4        0x0 ./lib\libc.a(lib_a-memcpy-stub.o)
 .data          0x00102ad4        0x0 ./lib\libc.a(lib_a-memset.o)
 .data          0x00102ad4        0x0 ./lib\libc.a(lib_a-strcpy.o)
 .data          0x00102ad4        0x0 ./lib\libc.a(lib_a-strlen.o)

.dynamic        0x00102ad4       0x88
 .dynamic       0x00102ad4       0x88 bootloader.o
                0x00102ad4                _DYNAMIC

.got            0x00102b5c        0x0
 .got           0x00102b5c        0x0 bootloader.o

.got.plt        0x00102b5c        0xc
 .got.plt       0x00102b5c        0xc bootloader.o
                0x00102b5c                _GLOBAL_OFFSET_TABLE_

.data.rel.ro    0x00102b68        0x0
 .data.rel.ro   0x00102b68        0x0 bootloader.o

.igot.plt       0x00102b68        0x0
 .igot.plt      0x00102b68        0x0 bootloader.o
                0x00102b68                . = ALIGN (0x4)
                0x00102b68                . = ALIGN (0x4)

.rel.dyn        0x00102b68      0x258
 *(.__rel_dyn_start)
 .__rel_dyn_start
                0x00102b68        0x0 bootloader.o
 *(.rel*)
 .rel.got       0x00102b68        0x0 bootloader.o
 .rel.plt       0x00102b68        0x0 bootloader.o
 .rel.bss       0x00102b68        0x0 bootloader.o
 .rel.data.rel.ro
                0x00102b68        0x0 bootloader.o
 .rel.iplt      0x00102b68        0x0 bootloader.o
 .rel.text      0x00102b68      0x240 bootloader.o
 .rel.data      0x00102da8        0x8 bootloader.o
 .rel.text.startup
                0x00102db0       0x10 bootloader.o
 *(.rel.*)
 *(.__rel_dyn_end)
 .__rel_dyn_end
                0x00102dc0        0x0 bootloader.o
                0x00102dc0                __code_end = .

.interp         0x00102dc0       0x11
 .interp        0x00102dc0       0x11 bootloader.o

.gnu.version_d  0x00102dd4        0x0
 .gnu.version_d
                0x00102dd4        0x0 bootloader.o

.gnu.version    0x00102dd2        0x0
 .gnu.version   0x00102dd2        0x0 bootloader.o

.gnu.version_r  0x00102dd4        0x0
 .gnu.version_r
                0x00102dd4        0x0 bootloader.o

.dynsym         0x00102dd4       0x30
 .dynsym        0x00102dd4       0x30 bootloader.o

.dynstr         0x00102e04        0x1
 .dynstr        0x00102e04        0x1 bootloader.o

.hash           0x00102e08       0x18
 .hash          0x00102e08       0x18 bootloader.o

.rodata.str1.1  0x00102e20       0xdd
 .rodata.str1.1
                0x00102e20       0x3b gameplg.o
 .rodata.str1.1
                0x00102e5b        0x5 lib\AC.o
 .rodata.str1.1
                0x00102e60        0x5 lib\main.o
                                  0x1 (size before relaxing)
 .rodata.str1.1
                0x00102e60       0x1e lib\pm.o
 .rodata.str1.1
                0x00102e7e       0x74 lib\rt.o
 .rodata.str1.1
                0x00102ef2        0x6 lib\SOC.o
 .rodata.str1.1
                0x00102ef8        0x5 lib\srv.o

.rodata         0x00102efd       0x4d
 .rodata        0x00102efd       0x4d lib\SOC.o
                0x00102f4c                . = ALIGN (0x4)

.bss            0x00102f4c     0x4ce4
 *(.__bss_start)
 .__bss_start   0x00102f4c        0x0 bootloader.o
                0x00102f4c                __c_bss_start
 *(.bss COMMON)
 .bss           0x00102f4c        0x0 bootloader.o
 .bss           0x00102f4c        0xc gameplg.o
                0x00102f4c                isNewNtr
                0x00102f50                data
                0x00102f54                offset
 COMMON         0x00102f58     0x4cc0 gameplg.o
                0x00102f58                gamePluginMenu
                0x00103bd4                fsUserHandle
                0x00103bd8                cheatEnabled
                0x00103c18                threadStack
 .bss           0x00107c18        0x0 lib\AC.o
 .bss           0x00107c18        0x0 lib\entry.o
 .bss           0x00107c18        0x0 lib\FS.o
 .bss           0x00107c18        0x0 lib\main.o
 COMMON         0x00107c18        0x4 lib\main.o
                0x00107c18                IoBaseLcd
 .bss           0x00107c1c        0x0 lib\misc.o
 .bss           0x00107c1c        0x0 lib\OS.o
 .bss           0x00107c1c        0x8 lib\pm.o
                0x00107c1c                currentPid
                0x00107c20                hCurrentProcess
 .bss           0x00107c24        0x0 lib\rt.o
 .bss           0x00107c24        0x0 lib\sharedfunc.o
 .bss           0x00107c24        0x8 lib\SOC.o
                0x00107c24                SOCU_handle
 .bss           0x00107c2c        0x4 lib\srv.o
                0x00107c2c                srvHandle
 .bss           0x00107c30        0x0 lib\stub.o
 .bss           0x00107c30        0x0 lib\svc.o
 .bss           0x00107c30        0x0 ./lib\libc.a(lib_a-memcpy-stub.o)
 .bss           0x00107c30        0x0 ./lib\libc.a(lib_a-memset.o)
 .bss           0x00107c30        0x0 ./lib\libc.a(lib_a-strcpy.o)
 .bss           0x00107c30        0x0 ./lib\libc.a(lib_a-strlen.o)
 *(.__bss_end)
 .__bss_end     0x00107c30        0x0 bootloader.o
                0x00107c30                __c_bss_end
                0x00107c30                __end__ = .
LOAD bootloader.o
LOAD gameplg.o
LOAD lib\AC.o
LOAD lib\entry.o
LOAD lib\FS.o
LOAD lib\main.o
LOAD lib\misc.o
LOAD lib\OS.o
LOAD lib\pm.o
LOAD lib\rt.o
LOAD lib\sharedfunc.o
LOAD lib\SOC.o
LOAD lib\srv.o
LOAD lib\stub.o
LOAD lib\svc.o
LOAD ./lib\libc.a
LOAD ./lib\libgcc.a
OUTPUT(a.out elf32-littlearm)

.dynbss         0x00107c30        0x0
 .dynbss        0x00107c30        0x0 bootloader.o

.ARM.attributes
                0x00000000       0x27
 .ARM.attributes
                0x00000000       0x19 bootloader.o
 .ARM.attributes
                0x00000019       0x2b gameplg.o
 .ARM.attributes
                0x00000044       0x2b lib\AC.o
 .ARM.attributes
                0x0000006f       0x2b lib\entry.o
 .ARM.attributes
                0x0000009a       0x2b lib\FS.o
 .ARM.attributes
                0x000000c5       0x2b lib\main.o
 .ARM.attributes
                0x000000f0       0x19 lib\misc.o
 .ARM.attributes
                0x00000109       0x2b lib\OS.o
 .ARM.attributes
                0x00000134       0x2b lib\pm.o
 .ARM.attributes
                0x0000015f       0x2b lib\rt.o
 .ARM.attributes
                0x0000018a       0x2b lib\sharedfunc.o
 .ARM.attributes
                0x000001b5       0x2b lib\SOC.o
 .ARM.attributes
                0x000001e0       0x2b lib\srv.o
 .ARM.attributes
                0x0000020b       0x19 lib\stub.o
 .ARM.attributes
                0x00000224       0x19 lib\svc.o
 .ARM.attributes
                0x0000023d       0x30 ./lib\libc.a(lib_a-memcpy-stub.o)
 .ARM.attributes
                0x0000026d       0x30 ./lib\libc.a(lib_a-memset.o)
 .ARM.attributes
                0x0000029d       0x30 ./lib\libc.a(lib_a-strcpy.o)
 .ARM.attributes
                0x000002cd       0x30 ./lib\libc.a(lib_a-strlen.o)

.comment        0x00000000       0x66
 .comment       0x00000000       0x22 gameplg.o
                                 0x23 (size before relaxing)
 .comment       0x00000022       0x22 lib\AC.o
                                 0x23 (size before relaxing)
 .comment       0x00000044       0x23 lib\entry.o
 .comment       0x00000044       0x23 lib\FS.o
 .comment       0x00000044       0x22 lib\main.o
                                 0x23 (size before relaxing)
 .comment       0x00000066       0x23 lib\OS.o
 .comment       0x00000066       0x23 lib\pm.o
 .comment       0x00000066       0x23 lib\rt.o
 .comment       0x00000066       0x23 lib\sharedfunc.o
 .comment       0x00000066       0x23 lib\SOC.o
 .comment       0x00000066       0x23 lib\srv.o
 .comment       0x00000066       0x23 ./lib\libc.a(lib_a-memcpy-stub.o)
 .comment       0x00000066       0x23 ./lib\libc.a(lib_a-memset.o)
 .comment       0x00000066       0x23 ./lib\libc.a(lib_a-strcpy.o)
 .comment       0x00000066       0x23 ./lib\libc.a(lib_a-strlen.o)

.debug_info     0x00000000     0x4dae
 .debug_info    0x00000000     0x1374 gameplg.o
 .debug_info    0x00001374      0x368 lib\AC.o
 .debug_info    0x000016dc      0x11f lib\entry.o
 .debug_info    0x000017fb      0x8a9 lib\FS.o
 .debug_info    0x000020a4      0x2a4 lib\main.o
 .debug_info    0x00002348       0xc0 lib\OS.o
 .debug_info    0x00002408      0x335 lib\pm.o
 .debug_info    0x0000273d      0xc82 lib\rt.o
 .debug_info    0x000033bf      0x335 lib\sharedfunc.o
 .debug_info    0x000036f4     0x13dc lib\SOC.o
 .debug_info    0x00004ad0      0x2de lib\srv.o

.debug_abbrev   0x00000000     0x12b0
 .debug_abbrev  0x00000000      0x461 gameplg.o
 .debug_abbrev  0x00000461      0x13f lib\AC.o
 .debug_abbrev  0x000005a0       0xcc lib\entry.o
 .debug_abbrev  0x0000066c      0x144 lib\FS.o
 .debug_abbrev  0x000007b0      0x11c lib\main.o
 .debug_abbrev  0x000008cc       0x6d lib\OS.o
 .debug_abbrev  0x00000939      0x15f lib\pm.o
 .debug_abbrev  0x00000a98      0x2aa lib\rt.o
 .debug_abbrev  0x00000d42       0xfb lib\sharedfunc.o
 .debug_abbrev  0x00000e3d      0x304 lib\SOC.o
 .debug_abbrev  0x00001141      0x16f lib\srv.o

.debug_loc      0x00000000     0x29ca
 .debug_loc     0x00000000      0x190 gameplg.o
 .debug_loc     0x00000190      0x1cc lib\AC.o
 .debug_loc     0x0000035c       0x34 lib\entry.o
 .debug_loc     0x00000390      0x7db lib\FS.o
 .debug_loc     0x00000b6b       0x5c lib\OS.o
 .debug_loc     0x00000bc7       0xfa lib\pm.o
 .debug_loc     0x00000cc1      0x6b8 lib\rt.o
 .debug_loc     0x00001379     0x152b lib\SOC.o
 .debug_loc     0x000028a4      0x126 lib\srv.o

.debug_aranges  0x00000000      0x160
 .debug_aranges
                0x00000000       0x20 gameplg.o
 .debug_aranges
                0x00000020       0x20 lib\AC.o
 .debug_aranges
                0x00000040       0x20 lib\entry.o
 .debug_aranges
                0x00000060       0x20 lib\FS.o
 .debug_aranges
                0x00000080       0x20 lib\main.o
 .debug_aranges
                0x000000a0       0x20 lib\OS.o
 .debug_aranges
                0x000000c0       0x20 lib\pm.o
 .debug_aranges
                0x000000e0       0x20 lib\rt.o
 .debug_aranges
                0x00000100       0x20 lib\sharedfunc.o
 .debug_aranges
                0x00000120       0x20 lib\SOC.o
 .debug_aranges
                0x00000140       0x20 lib\srv.o

.debug_ranges   0x00000000       0x78
 .debug_ranges  0x00000000       0x18 gameplg.o
 .debug_ranges  0x00000018       0x10 lib\main.o
 .debug_ranges  0x00000028       0x50 lib\rt.o

.debug_line     0x00000000     0x13ce
 .debug_line    0x00000000      0x2e9 gameplg.o
 .debug_line    0x000002e9      0x12e lib\AC.o
 .debug_line    0x00000417       0xe1 lib\entry.o
 .debug_line    0x000004f8      0x1d0 lib\FS.o
 .debug_line    0x000006c8      0x114 lib\main.o
 .debug_line    0x000007dc       0xed lib\OS.o
 .debug_line    0x000008c9      0x120 lib\pm.o
 .debug_line    0x000009e9      0x27f lib\rt.o
 .debug_line    0x00000c68      0x102 lib\sharedfunc.o
 .debug_line    0x00000d6a      0x4ed lib\SOC.o
 .debug_line    0x00001257      0x177 lib\srv.o

.debug_str      0x00000000     0x128e
 .debug_str     0x00000000      0x9ad gameplg.o
                                0xaa1 (size before relaxing)
 .debug_str     0x000009ad      0x111 lib\AC.o
                                0x1e9 (size before relaxing)
 .debug_str     0x00000abe       0x3c lib\entry.o
                                0x14a (size before relaxing)
 .debug_str     0x00000afa      0x15c lib\FS.o
                                0x367 (size before relaxing)
 .debug_str     0x00000c56       0xbb lib\main.o
                                0x266 (size before relaxing)
 .debug_str     0x00000d11       0x33 lib\OS.o
                                0x123 (size before relaxing)
 .debug_str     0x00000d44       0xb0 lib\pm.o
                                0x229 (size before relaxing)
 .debug_str     0x00000df4      0x1f5 lib\rt.o
                                0x4f0 (size before relaxing)
 .debug_str     0x00000fe9       0x1e lib\sharedfunc.o
                                0x22f (size before relaxing)
 .debug_str     0x00001007      0x23e lib\SOC.o
                                0x420 (size before relaxing)
 .debug_str     0x00001245       0x49 lib\srv.o
                                0x1e1 (size before relaxing)

.debug_frame    0x00000000      0xa48
 .debug_frame   0x00000000      0x14c gameplg.o
 .debug_frame   0x0000014c       0x8c lib\AC.o
 .debug_frame   0x000001d8       0x30 lib\entry.o
 .debug_frame   0x00000208      0x1ac lib\FS.o
 .debug_frame   0x000003b4       0x28 lib\main.o
 .debug_frame   0x000003dc       0x20 lib\OS.o
 .debug_frame   0x000003fc       0x90 lib\pm.o
 .debug_frame   0x0000048c      0x1a8 lib\rt.o
 .debug_frame   0x00000634       0x2c lib\sharedfunc.o
 .debug_frame   0x00000660      0x370 lib\SOC.o
 .debug_frame   0x000009d0       0x78 lib\srv.o
